// Jest Snapshot v1, https://goo.gl/fbAQLP

exports[`Multi input support 1`] = `
"HDWIGpiP.md
SmVOQyTt.png
index.js
sub"
`;

exports[`Multi input support 2`] = `
"import index from './sub/folder/child.js';
export { default } from './sub/folder/child.js';
import './SmVOQyTt.png';
import './HDWIGpiP.md';
"
`;

exports[`Multi input support 3`] = `
"import image from '../../SmVOQyTt.png';
import content from '../../HDWIGpiP.md';

function index() {
  return content + image
}

export { index as default };
"
`;
